// Jest Snapshot v1, https://goo.gl/fbAQLP

exports[`logger temp test 1`] = `
Object {
  "logLevel": "debug",
}
`;
