// Jest Snapshot v1, https://goo.gl/fbAQLP

exports[`config returns dict with config values 1`] = `
Object {
  "logLevel": "debug",
}
`;
